// Jest Snapshot v1, https://goo.gl/fbAQLP

exports[`NoteList Add Button renders correctly 1`] = `
<div
  className="py-4 border-b border-dark-gray mb-4"
>
  <button
    className="w-[40px] h-[40px] flex justify-center items-center border border-dark-gray text-[25px] text-dark-gray rounded-md"
    onClick={[Function]}
  >
    <svg
      fill="currentColor"
      height="1em"
      stroke="currentColor"
      strokeWidth="0"
      style={
        Object {
          "color": undefined,
        }
      }
      viewBox="0 0 448 512"
      width="1em"
      xmlns="http://www.w3.org/2000/svg"
    >
      <path
        d="M416 208H272V64c0-17.67-14.33-32-32-32h-32c-17.67 0-32 14.33-32 32v144H32c-17.67 0-32 14.33-32 32v32c0 17.67 14.33 32 32 32h144v144c0 17.67 14.33 32 32 32h32c17.67 0 32-14.33 32-32V304h144c17.67 0 32-14.33 32-32v-32c0-17.67-14.33-32-32-32z"
      />
    </svg>
  </button>
</div>
`;
